// Jest Snapshot v1, https://goo.gl/fbAQLP

exports[`renders correctly 1`] = `
Array [
  <View
    style={
      Object {
        "height": "40",
      }
    }
  />,
  <RCTSafeAreaView
    emulateUnlessSupported={true}
  />,
]
`;
